// Jest Snapshot v1, https://goo.gl/fbAQLP

exports[`App component snapshot it renders a correct snapshot 1`] = `
<div
  className="App"
>
  <div>
    Users:
  </div>
  <div>
    Wait! Loading users...
  </div>
</div>
`;
